de/unitrier/st/uap/w21/triplac/nodes/ReadNode.class
de/unitrier/st/uap/w21/triplac/nodes/LetNode.class
de/unitrier/st/uap/w21/triplac/visitor/DotVisitor$Shapes.class
de/unitrier/st/uap/w21/triplac/nodes/FuncNode.class
de/unitrier/st/uap/w21/triplac/lex/Lexer.class
de/unitrier/st/uap/w21/triplac/nodes/ElseNode.class
de/unitrier/st/uap/w21/triplac/nodes/ConstNode.class
de/unitrier/st/uap/w21/triplac/nodes/BodyNode.class
de/unitrier/st/uap/w21/triplac/nodes/ParNode.class
de/unitrier/st/uap/w21/triplac/nodes/AssignNode.class
de/unitrier/st/uap/w21/triplac/nodes/DefNode.class
de/unitrier/st/uap/w21/triplac/nodes/IDNode.class
de/unitrier/st/uap/w21/triplac/nodes/IfNode.class
de/unitrier/st/uap/w21/triplac/nodes/WhileNode.class
de/unitrier/st/uap/w21/triplac/nodes/Node.class
de/unitrier/st/uap/w21/triplac/nodes/CondNode.class
de/unitrier/st/uap/w21/triplac/parser/sym.class
de/unitrier/st/uap/w21/triplac/visitor/DotVisitor.class
de/unitrier/st/uap/w21/triplac/nodes/ParamsNode.class
de/unitrier/st/uap/w21/triplac/visitor/TerminalVisitor.class
de/unitrier/st/uap/w21/triplac/nodes/ArgsNode.class
de/unitrier/st/uap/w21/triplac/nodes/CallNode.class
de/unitrier/st/uap/w21/triplac/nodes/OpNode.class
de/unitrier/st/uap/w21/triplac/visitor/TerminalEasyReadVisitor.class
de/unitrier/st/uap/w21/triplac/nodes/ExprNode.class
de/unitrier/st/uap/w21/triplac/nodes/ThenNode.class
de/unitrier/st/uap/w21/triplac/nodes/SemiNode.class
