/home/howell/Developement/Coding/University/UAP/uap21/triplac/src/main/java/de/unitrier/st/uap/w21/triplac/visitor/XMLVisitor.java
/home/howell/Developement/Coding/University/UAP/uap21/triplac/src/main/java/de/unitrier/st/uap/w21/triplac/parser/sym.java
/home/howell/Developement/Coding/University/UAP/uap21/triplac/src/main/java/de/unitrier/st/uap/w21/triplac/exporter/XMLExporter.java
/home/howell/Developement/Coding/University/UAP/uap21/triplac/src/main/java/de/unitrier/st/uap/w21/triplac/code/LabelAddressPair.java
/home/howell/Developement/Coding/University/UAP/uap21/triplac/src/main/java/de/unitrier/st/uap/w21/triplac/code/IAddressCalculator.java
/home/howell/Developement/Coding/University/UAP/uap21/triplac/src/main/java/de/unitrier/st/uap/w21/triplac/visitor/TerminalEasyReadVisitor.java
/home/howell/Developement/Coding/University/UAP/uap21/triplac/src/main/java/de/unitrier/st/uap/w21/triplac/nodes/IDNode.java
/home/howell/Developement/Coding/University/UAP/uap21/triplac/src/main/java/de/unitrier/st/uap/w21/triplac/visitor/XMLEasyReadVisitor.java
/home/howell/Developement/Coding/University/UAP/uap21/triplac/src/main/java/de/unitrier/st/uap/w21/triplac/nodes/ParNode.java
/home/howell/Developement/Coding/University/UAP/uap21/triplac/src/main/java/de/unitrier/st/uap/w21/triplac/exporter/TerminalExporter.java
/home/howell/Developement/Coding/University/UAP/uap21/triplac/src/main/java/de/unitrier/st/uap/w21/triplac/visitor/FlattenVisitor.java
/home/howell/Developement/Coding/University/UAP/uap21/triplac/src/main/java/de/unitrier/st/uap/w21/triplac/nodes/LetNode.java
/home/howell/Developement/Coding/University/UAP/uap21/triplac/src/main/java/de/unitrier/st/uap/w21/triplac/visitor/DotEasyReadVisitor.java
/home/howell/Developement/Coding/University/UAP/uap21/triplac/src/main/java/de/unitrier/st/uap/w21/triplac/visitor/IVisitor.java
/home/howell/Developement/Coding/University/UAP/uap21/triplac/src/main/java/de/unitrier/st/uap/w21/triplac/nodes/IfNode.java
/home/howell/Developement/Coding/University/UAP/uap21/triplac/src/main/java/de/unitrier/st/uap/w21/triplac/nodes/DefNode.java
/home/howell/Developement/Coding/University/UAP/uap21/triplac/src/main/java/de/unitrier/st/uap/w21/triplac/lex/Lexer.java
/home/howell/Developement/Coding/University/UAP/uap21/triplac/src/main/java/de/unitrier/st/uap/w21/triplac/nodes/ParamsNode.java
/home/howell/Developement/Coding/University/UAP/uap21/triplac/src/main/java/de/unitrier/st/uap/w21/triplac/nodes/OpNode.java
/home/howell/Developement/Coding/University/UAP/uap21/triplac/src/main/java/de/unitrier/st/uap/w21/triplac/exporter/DotExporter.java
/home/howell/Developement/Coding/University/UAP/uap21/triplac/src/main/java/de/unitrier/st/uap/w21/triplac/nodes/ExprNode.java
/home/howell/Developement/Coding/University/UAP/uap21/triplac/src/main/java/de/unitrier/st/uap/w21/triplac/code/TramLabel.java
/home/howell/Developement/Coding/University/UAP/uap21/triplac/src/main/java/de/unitrier/st/uap/w21/triplac/nodes/AssignNode.java
/home/howell/Developement/Coding/University/UAP/uap21/triplac/src/main/java/de/unitrier/st/uap/w21/triplac/nodes/IAcceptor.java
/home/howell/Developement/Coding/University/UAP/uap21/triplac/src/main/java/de/unitrier/st/uap/w21/triplac/visitor/DotVisitor.java
/home/howell/Developement/Coding/University/UAP/uap21/triplac/src/main/java/de/unitrier/st/uap/w21/triplac/parser/Parser.java
/home/howell/Developement/Coding/University/UAP/uap21/triplac/src/main/java/de/unitrier/st/uap/w21/triplac/code/IntegerAddressPair.java
/home/howell/Developement/Coding/University/UAP/uap21/triplac/src/main/java/de/unitrier/st/uap/w21/triplac/nodes/BodyNode.java
/home/howell/Developement/Coding/University/UAP/uap21/triplac/src/main/java/de/unitrier/st/uap/w21/triplac/nodes/WhileNode.java
/home/howell/Developement/Coding/University/UAP/uap21/triplac/src/main/java/de/unitrier/st/uap/w21/triplac/visitor/DefaultVisitor.java
/home/howell/Developement/Coding/University/UAP/uap21/triplac/src/main/java/de/unitrier/st/uap/w21/triplac/visitor/TramCodeVisitor.java
/home/howell/Developement/Coding/University/UAP/uap21/triplac/src/main/java/de/unitrier/st/uap/w21/triplac/nodes/ThenNode.java
/home/howell/Developement/Coding/University/UAP/uap21/triplac/src/main/java/de/unitrier/st/uap/w21/triplac/visitor/TerminalVisitor.java
/home/howell/Developement/Coding/University/UAP/uap21/triplac/src/main/java/de/unitrier/st/uap/w21/triplac/nodes/FuncNode.java
/home/howell/Developement/Coding/University/UAP/uap21/triplac/src/main/java/de/unitrier/st/uap/w21/triplac/nodes/ReadNode.java
/home/howell/Developement/Coding/University/UAP/uap21/triplac/src/main/java/de/unitrier/st/uap/w21/triplac/nodes/CallNode.java
/home/howell/Developement/Coding/University/UAP/uap21/triplac/src/main/java/de/unitrier/st/uap/w21/triplac/nodes/Node.java
/home/howell/Developement/Coding/University/UAP/uap21/triplac/src/main/java/de/unitrier/st/uap/w21/triplac/nodes/ConstNode.java
/home/howell/Developement/Coding/University/UAP/uap21/triplac/src/main/java/de/unitrier/st/uap/w21/triplac/nodes/CondNode.java
/home/howell/Developement/Coding/University/UAP/uap21/triplac/src/main/java/de/unitrier/st/uap/w21/triplac/exporter/IExporter.java
/home/howell/Developement/Coding/University/UAP/uap21/triplac/src/main/java/de/unitrier/st/uap/w21/triplac/code/AddressPair.java
/home/howell/Developement/Coding/University/UAP/uap21/triplac/src/main/java/de/unitrier/st/uap/w21/triplac/nodes/ElseNode.java
/home/howell/Developement/Coding/University/UAP/uap21/triplac/src/main/java/de/unitrier/st/uap/w21/triplac/Main.java
/home/howell/Developement/Coding/University/UAP/uap21/triplac/src/main/java/de/unitrier/st/uap/w21/triplac/nodes/ArgsNode.java
/home/howell/Developement/Coding/University/UAP/uap21/triplac/src/main/java/de/unitrier/st/uap/w21/triplac/nodes/SemiNode.java
